// Jest Snapshot v1, https://goo.gl/fbAQLP

exports[`renders correctly 1`] = `
<section
  data-component="listing/listimagewithcallouts"
  id="id1695242607"
>
  <div
    class="my-8 w-full theme-white"
  >
    <div
      class="section-grid grid grid-cols-2 md:grid-cols-12 px-m gap-s md:gap-s "
    >
      <div
        class="col-span-12 pt-xl pb-xl"
      >
        <div
          class="grid-rows-auto grid grid-cols-12 gap-y-0 md:max-w-screen-lg md:grid-flow-row-dense md:grid-cols-12 md:gap-s md:px-m lg:mx-auto"
        >
          <div
            class="col-span-12"
          >
            <div
              class="items-top font-sans [&_a:hover]:underline text-theme-text text-center md:text-left text-sm-m md:text-m font-bold mb-s md:mb-m"
            >
              <h2>
                List image with Callouts -headline Text with 3 items goes here List image with Callouts -headline Text with 3 items goes here
              </h2>
            </div>
          </div>
          <div
            class="col-span-12 row-span-3 md:col-span-6 md:row-start-2 md:col-start-4 top-0"
          >
            <div
              class="relative hidden md:block  "
            >
              <span
                style="box-sizing: border-box; display: inline-block; overflow: hidden; background: none; opacity: 1; border: 0px; margin: 0px; padding: 0px; position: relative; max-width: 100%;"
              >
                <span
                  style="box-sizing: border-box; display: block; background: none; opacity: 1; border: 0px; margin: 0px; padding: 0px; max-width: 100%;"
                >
                  <img
                    alt=""
                    aria-hidden="true"
                    src="data:image/svg+xml,%3csvg%20xmlns=%27http://www.w3.org/2000/svg%27%20version=%271.1%27%20width=%27400%27%20height=%27600%27/%3e"
                    style="display: block; max-width: 100%; background: none; opacity: 1; border: 0px; margin: 0px; padding: 0px;"
                  />
                </span>
                <img
                  alt=""
                  data-nimg="intrinsic"
                  decoding="async"
                  src="data:image/gif;base64,R0lGODlhAQABAIAAAAAAAP///yH5BAEAAAAALAAAAAABAAEAAAIBRAA7"
                  style="position: absolute; top: 0px; left: 0px; bottom: 0px; right: 0px; box-sizing: border-box; padding: 0px; margin: auto; display: block; width: 0px; height: 0px; min-width: 100%; max-width: 100%; min-height: 100%; max-height: 100%;"
                />
                <noscript />
              </span>
            </div>
            <div
              class="relative block w-full md:hidden"
            >
              <span
                style="box-sizing: border-box; display: inline-block; overflow: hidden; background: none; opacity: 1; border: 0px; margin: 0px; padding: 0px; position: relative; max-width: 100%;"
              >
                <span
                  style="box-sizing: border-box; display: block; background: none; opacity: 1; border: 0px; margin: 0px; padding: 0px; max-width: 100%;"
                >
                  <img
                    alt=""
                    aria-hidden="true"
                    src="data:image/svg+xml,%3csvg%20xmlns=%27http://www.w3.org/2000/svg%27%20version=%271.1%27%20width=%27400%27%20height=%27300%27/%3e"
                    style="display: block; max-width: 100%; background: none; opacity: 1; border: 0px; margin: 0px; padding: 0px;"
                  />
                </span>
                <img
                  alt=""
                  data-nimg="intrinsic"
                  decoding="async"
                  src="data:image/gif;base64,R0lGODlhAQABAIAAAAAAAP///yH5BAEAAAAALAAAAAABAAEAAAIBRAA7"
                  style="position: absolute; top: 0px; left: 0px; bottom: 0px; right: 0px; box-sizing: border-box; padding: 0px; margin: auto; display: block; width: 0px; height: 0px; min-width: 100%; max-width: 100%; min-height: 100%; max-height: 100%; object-fit: cover; object-position: center;"
                />
                <noscript />
              </span>
            </div>
          </div>
          <div
            class="md:col-span-3 md:row-start-2 md:col-start-1"
          >
            <div
              class="mt-s md:mt-0 pt-s px-xs md:px-0 border-t border-theme-text"
            >
              <div
                class="items-top font-sans [&_a:hover]:underline text-theme-text text-xs font-bold mb-xxs"
              >
                <h2>
                  List item 1
                </h2>
              </div>
              <div
                class="text-theme-body text-body"
              >
                <div
                  class="body-copy"
                >
                  <div>
                    Lorem ipsum is placeholder text commonly used in the graphic, print, and publishing industries for previewing layouts and visual mockups.
                    <br />
                    

                    <div>
                       
                    </div>
                  </div>
                </div>
              </div>
            </div>
          </div>
          <div
            class="md:col-span-3 md:row-start-3 md:col-start-1"
          >
            <div
              class="mt-s md:mt-0 pt-s px-xs md:px-0 border-t border-theme-text"
            >
              <div
                class="items-top font-sans [&_a:hover]:underline text-theme-text text-xs font-bold mb-xxs"
              >
                <h3>
                  H3 List image with callouts item 2 goes here H3 List image with callouts item 2 goes here
                </h3>
              </div>
              <div
                class="text-theme-body text-body"
              >
                <div
                  class="body-copy"
                >
                  <div>
                    Lorem ipsum is placeholder text commonly used in the graphic, print, and publishing industries for previewing layouts and visual mockups.
                    <br />
                    

                    <div>
                       
                    </div>
                  </div>
                </div>
              </div>
            </div>
          </div>
          <div
            class="md:col-span-3 md:row-start-2 md:col-start-10"
          >
            <div
              class="mt-s md:mt-0 pt-s px-xs md:px-0 border-t border-theme-text"
            >
              <div
                class="items-top font-sans [&_a:hover]:underline text-theme-text text-xs font-bold mb-xxs"
              >
                <h4>
                  H4 List image with callouts item 2 goes here H3 List image with callouts item 2 goes here
                </h4>
              </div>
              <div
                class="text-theme-body text-body"
              >
                <div
                  class="body-copy"
                >
                  <div>
                    Lorem ipsum is placeholder text commonly used in the graphic, print, and publishing industries for previewing layouts and visual mockups.
                    <br />
                    

                    <div>
                       
                    </div>
                  </div>
                </div>
              </div>
            </div>
          </div>
          <div
            class="md:col-span-3 md:row-start-3 md:col-start-10"
          >
            <div
              class="mt-s md:mt-0 pt-s px-xs md:px-0 border-t border-theme-text"
            >
              <div
                class="items-top font-sans [&_a:hover]:underline text-theme-text text-xs font-bold mb-xxs"
              >
                <h4>
                  H4 List image with callouts item 2 goes here H3 List image with callouts item 2 goes here
                </h4>
              </div>
              <div
                class="text-theme-body text-body"
              >
                <div
                  class="body-copy"
                >
                  <div>
                    Lorem ipsum is placeholder text commonly used in the graphic, print, and publishing industries for previewing layouts and visual mockups.
                    <br />
                    

                    <div>
                       
                    </div>
                  </div>
                </div>
              </div>
            </div>
          </div>
        </div>
      </div>
    </div>
  </div>
</section>
`;
