// Jest Snapshot v1, https://goo.gl/fbAQLP

exports[`renders correctly 1`] = `
<div
  class="relative m-auto max-w-[1440px]"
  data-component="promo/promomediabackground"
>
  <div
    class="relative max-md:mb-[15.75px]"
  >
    <div
      class="relative mx-auto hidden md:block aspect-hero   h-[280px] md:h-[620px]"
    >
      <span
        style="box-sizing: border-box; display: block; overflow: hidden; background: none; opacity: 1; border: 0px; margin: 0px; padding: 0px; position: absolute; top: 0px; left: 0px; bottom: 0px; right: 0px;"
      >
        <img
          alt="jmage"
          data-nimg="fill"
          decoding="async"
          src="data:image/gif;base64,R0lGODlhAQABAIAAAAAAAP///yH5BAEAAAAALAAAAAABAAEAAAIBRAA7"
          style="position: absolute; top: 0px; left: 0px; bottom: 0px; right: 0px; box-sizing: border-box; padding: 0px; margin: auto; display: block; width: 0px; height: 0px; min-width: 100%; max-width: 100%; min-height: 100%; max-height: 100%; object-fit: cover;"
        />
        <noscript />
      </span>
    </div>
    <div
      class="relative block w-full md:hidden h-[280px]"
    >
      <span
        style="box-sizing: border-box; display: block; overflow: hidden; background: none; opacity: 1; border: 0px; margin: 0px; padding: 0px; position: absolute; top: 0px; left: 0px; bottom: 0px; right: 0px;"
      >
        <img
          alt="Image"
          data-nimg="fill"
          decoding="async"
          src="data:image/gif;base64,R0lGODlhAQABAIAAAAAAAP///yH5BAEAAAAALAAAAAABAAEAAAIBRAA7"
          style="position: absolute; top: 0px; left: 0px; bottom: 0px; right: 0px; box-sizing: border-box; padding: 0px; margin: auto; display: block; width: 0px; height: 0px; min-width: 100%; max-width: 100%; min-height: 100%; max-height: 100%; object-fit: cover; object-position: center;"
        />
        <noscript />
      </span>
    </div>
  </div>
  <div
    class="max-md:px-m md:absolute w-full h-full z-[1] flex items-center md:top-0 md:text-dark-gray"
  >
    <div
      class=" md:ml-[8%] flex flex-col basis-full mx-auto md:text-dark-gray"
    >
      <div
        class="my-xxxs md:max-w-[585px] text-sm-xs md:text-xs font-medium uppercase font-sans md:text-dark-gray"
      >
        <h3>
          Eyebrow
        </h3>
      </div>
      <div
        class="items-top font-sans [&_a:hover]:underline my-xxxs md:max-w-[585px] text-sm-l leading-[2.35rem] lg:text-m font-heavy md:text-dark-gray"
      >
        <h2>
          Promo Heading
        </h2>
      </div>
      <div
        class="body-copy my-xxxs  leading-[22px] font-regular md:max-w-[585px] md:text-xs md:font-medium md:text-dark-gray"
      >
        <div>
          <strong>
            Lorem Ipsum
          </strong>
          Â is simply dummy text of the printing and typesetting industry. Lorem Ipsum has been the industry's standard dummy text ever since the 1500s, when an unknown printer took a galley of type and scrambled it to make a type specimen book. [No text in field]
        </div>
      </div>
      <div
        class="my-s md:my-xs mb-s flex items-start md:flex-row md:items-center md:space-x-4"
      >
        <a
          aria-label="Default State"
          class="flex w-fit items-center whitespace-normal rounded-lg border-4 border-theme-btn-border bg-theme-btn-bg px-m py-[9px] font-sans text-button font-heavy text-theme-btn-text hover:border-theme-btn-border-hover hover:bg-theme-btn-bg-hover hover:text-theme-btn-text-hover disabled:border-gray disabled:text-gray disabled:hover:bg-theme-btn-bg disabled:cursor-not-allowed text-black mr-m"
          data-gtm-click=""
          data-gtm-dl-event="cta_click"
          href="/"
          role="link"
          tabindex="0"
          target=""
          title=""
        >
          Default State
          <span
            class="ml-xxs"
          >
            <svg
              fill="none"
              height="14"
              role="img"
              viewBox="0 0 14 14"
              width="14"
              xmlns="http://www.w3.org/2000/svg"
            >
              <title>
                New Tab Icon
              </title>
              <path
                d="M10.9999 7.66712V11.6671C10.9999 12.0207 10.8594 12.3598 10.6094 12.6099C10.3594 12.8599 10.0202 13.0004 9.6666 13.0004H2.33332C1.9797 13.0004 1.64057 12.8599 1.39052 12.6099C1.14047 12.3598 1 12.0207 1 11.6671V4.33381C1 3.98019 1.14047 3.64106 1.39052 3.39101C1.64057 3.14096 1.9797 3.00049 2.33332 3.00049H6.33329"
                stroke="white"
                stroke-linecap="round"
                stroke-linejoin="round"
                stroke-width="1.2"
              />
              <path
                d="M9 1H13V4.99997"
                stroke="white"
                stroke-linecap="round"
                stroke-linejoin="round"
                stroke-width="1.2"
              />
              <path
                d="M5.66699 8.33328L13.0003 1"
                stroke="white"
                stroke-linecap="round"
                stroke-linejoin="round"
                stroke-width="1.2"
              />
            </svg>
          </span>
        </a>
      </div>
    </div>
  </div>
</div>
`;
