// Jest Snapshot v1, https://goo.gl/fbAQLP

exports[`renders correctly 1`] = `
<section
  data-component="general/bazaarvoicereviews"
  id="id1695242607"
>
  <div
    class="my-8 lg:mx-auto md:max-w-screen-lg theme-white"
  >
    <div
      class="section-grid grid grid-cols-2 md:grid-cols-12 px-m gap-s md:gap-s "
    >
      <div
        class="items-top font-sans [&_a:hover]:underline col-span-12 text-sm-m lg:text-m leading-[1.25] font-heavy"
      >
        <h2>
          Bazaarvoice Headline
        </h2>
      </div>
      <div
        class="flex flex-col col-span-12 border-solid border-gray border-y py-s lg:py-ml"
      >
        <a
          class="group flex flex-row grow w-full self-justify relative hover:cursor-pointer"
          data-anchor-name="#bazaarvoiceReview-100-CAS"
        >
          <h3
            class="w-full"
          >
            <div
              class="lg:inline mr-m mb-xxs lg:mb-0 text-xs font-heavy font-sans group-hover:underline"
            >
              Read Reviews
            </div>
            <div
              class="inline-block mr-m align-middle"
              data-bv-product-id="100-CAS"
              data-bv-show="rating_summary"
            />
            <div
              class="flex items-center justify-center inline absolute right-0 top-[calc(50%_-_1rem)] h-[2rem] w-[2rem] rounded-full border-2 border-primary group-hover:bg-primary group-hover:text-white"
            >
              <span
                class="inline"
              />
            </div>
          </h3>
        </a>
        <div
          class="content-container h-0 overflow-hidden"
          id="bazaarvoiceReview-100-CAS"
        >
          <div
            class="content"
          >
            <div
              data-bv-product-id="100-CAS"
              data-bv-show="reviews"
            />
          </div>
        </div>
      </div>
    </div>
  </div>
</section>
`;
