// Jest Snapshot v1, https://goo.gl/fbAQLP

exports[`renders correctly 1`] = `
<section
  data-component="general/contentblock"
  id="content block left"
>
  <div
    class="my-8 w-full theme-black bg-theme-bg"
  >
    <div
      class="section-grid grid grid-cols-2 md:grid-cols-12 px-0 gap-x-0 "
    >
      <div
        class="py-l col-span-12 px-m md:w-full md:max-w-screen-lg md:mx-auto"
      >
        <div
          class="items-top font-sans [&_a:hover]:underline text-theme-text text-sm-m md:text-m font-bold mb-s"
        >
          <h2>
            This is a headline lorem ipsum dolor amit
          </h2>
        </div>
        <div
          class="text-theme-body mb-s"
        >
          <div
            class="body-copy"
          >
            <div>
              Purus sit amet volutpat consequat mauris nunc congue nisi. Eget arcu dictum varius duis at consectetur. Mi proin sed libero enim sed faucibus turpis in. Feugiat vivamus at augue eget arcu dictum varius. Urna cursus eget nunc scelerisque viverra mauris in aliquam. Sem integer vitae justo eget magna fermentum.

              <br />
              

              <br />
              
Lorem ipsum dolor sit amet, consectetur adipiscing elit, sed do eiusmod tempor incididunt ut labore et dolore magna aliqua. Enim sed faucibus turpis in eu mi bibendum neque egestas. Pharetra diam sit amet nisl suscipit adipiscing. Mi tempus imperdiet nulla malesuada pellentesque. Duis at consectetur lorem donec massa sapien faucibus et molestie. Risus quis varius quam quisque id diam vel quam elementum.
            </div>
          </div>
        </div>
        <div
          class="flex flex-col items-start  md:flex-row md:space-x-10"
        >
          <div
            class="flex-col mb-s flex items-start md:flex-row md:items-center md:space-x-4"
          >
            <a
              aria-label="Call to Action"
              class="flex w-fit items-center whitespace-normal rounded-lg border-4 border-theme-btn-border bg-theme-btn-bg px-m py-[9px] font-sans text-button font-heavy text-theme-btn-text hover:border-theme-btn-border-hover hover:bg-theme-btn-bg-hover hover:text-theme-btn-text-hover disabled:border-gray disabled:text-gray disabled:hover:bg-theme-btn-bg disabled:cursor-not-allowed text-primary mb-m md:mb-0 mr-m"
              data-gtm-click=""
              data-gtm-dl-event="cta_click"
              href="/"
              role="link"
              tabindex="0"
              title=""
            >
              Call to Action
              <span
                class="ml-xxs"
              />
            </a>
            <a
              aria-label="Call to Action"
              class="hover:decoration-theme-btn-decoration flex w-fit items-center whitespace-normal font-sans text-text-link font-heavy text-theme-text hover:underline hover:underline-offset-8 disabled:border-gray disabled:text-gray text-primary ml-xs md:ml-0 px-s md:px-0"
              data-gtm-click=""
              data-gtm-dl-event="cta_click"
              href="/"
              role="link"
              tabindex="0"
              title=""
            >
              Call to Action
              <span
                class="ml-xxs"
              />
            </a>
          </div>
        </div>
      </div>
    </div>
  </div>
</section>
`;
