// Jest Snapshot v1, https://goo.gl/fbAQLP

exports[`renders correctly 1`] = `
<div
  class="theme-black sticky top-[55px] left-0 right-0 z-[15] col-span-12 flex place-items-center justify-center ml:top-[122px] bg-gray"
  data-component="general/globalmasthead"
>
  <div
    class="w-full flex flex-col ml:items-center ml:justify-center py-4 px-5"
  >
    <div
      class="flex items-center justify-start ml:justify-center text-white"
    >
      <div
        class="ml:hidden mr-5"
      >
        <svg
          fill="currentColor"
          height="36"
          stroke="currentColor"
          stroke-width="0"
          viewBox="0 0 512 512"
          width="36"
          xmlns="http://www.w3.org/2000/svg"
        >
          <path
            d="M147.6 301.3c-7.5-7.5-7.5-19.8 0-27.3l95.7-95.4c7.3-7.3 19.1-7.5 26.6-.6l94.3 94c3.8 3.8 5.7 8.7 5.7 13.7 0 4.9-1.9 9.9-5.6 13.6-7.5 7.5-19.7 7.6-27.3 0l-81-79.8-81.1 81.9c-7.5 7.5-19.7 7.5-27.3-.1z"
          />
          <path
            d="M256 464c114.9 0 208-93.1 208-208S370.9 48 256 48 48 141.1 48 256s93.1 208 208 208zm0-32c-47 0-91.2-18.3-124.4-51.6C98.3 347.2 80 303 80 256s18.3-91.2 51.6-124.4C164.8 98.3 209 80 256 80s91.2 18.3 124.4 51.6C413.7 164.8 432 209 432 256s-18.3 91.2-51.6 124.4C347.2 413.7 303 432 256 432z"
          />
        </svg>
      </div>
      <div
        class="flex items-center"
      >
        <a
          aria-label=""
          class=""
          data-gtm-click=""
          data-gtm-dl-event="cta_click"
          href="/adam-test/"
          role="link"
          tabindex="0"
          target=""
          title=""
        >
          
          <div
            class="h-[60px] w-[550px] object-cover"
          >
            <div
              class="relative hidden md:block aspect-picture    h-full w-full cursor-pointer"
            >
              <span
                style="box-sizing: border-box; display: block; overflow: hidden; background: none; opacity: 1; border: 0px; margin: 0px; padding: 0px; position: relative;"
              >
                <span
                  style="box-sizing: border-box; display: block; background: none; opacity: 1; border: 0px; margin: 0px; padding: 8.0625% 0px 0px 0px;"
                />
                <img
                  alt="pocketing"
                  data-nimg="responsive"
                  decoding="async"
                  src="data:image/gif;base64,R0lGODlhAQABAIAAAAAAAP///yH5BAEAAAAALAAAAAABAAEAAAIBRAA7"
                  style="position: absolute; top: 0px; left: 0px; bottom: 0px; right: 0px; box-sizing: border-box; padding: 0px; margin: auto; display: block; width: 0px; height: 0px; min-width: 100%; max-width: 100%; min-height: 100%; max-height: 100%;"
                />
                <noscript />
              </span>
            </div>
            <div
              class="relative block w-full md:hidden"
            >
              <span
                style="box-sizing: border-box; display: block; overflow: hidden; background: none; opacity: 1; border: 0px; margin: 0px; padding: 0px; position: relative;"
              >
                <span
                  style="box-sizing: border-box; display: block; background: none; opacity: 1; border: 0px; margin: 0px; padding: 8.0625% 0px 0px 0px;"
                />
                <img
                  alt="pocketing"
                  data-nimg="responsive"
                  decoding="async"
                  src="data:image/gif;base64,R0lGODlhAQABAIAAAAAAAP///yH5BAEAAAAALAAAAAABAAEAAAIBRAA7"
                  style="position: absolute; top: 0px; left: 0px; bottom: 0px; right: 0px; box-sizing: border-box; padding: 0px; margin: auto; display: block; width: 0px; height: 0px; min-width: 100%; max-width: 100%; min-height: 100%; max-height: 100%; object-fit: contain; object-position: center;"
                />
                <noscript />
              </span>
            </div>
          </div>
        </a>
      </div>
    </div>
    <div
      class="mt-4 flex flex-col ml:flex-row items-start ml:items-center justify-between w-full transition ease-in-out delay-150"
    >
      <div
        class="hidden ml:block"
      >
        <div
          class="mt-4 ml:mt-0"
        >
          <div
            class="flex items-center space-x-2"
          >
            <a
              href="https://www.facebook.com/AndersenWindows?utm_source=andersenwindows.com&utm_medium=referral"
              rel="noreferrer"
              target="_blank"
            >
              <svg
                color="white"
                fill="currentColor"
                height="20"
                stroke="currentColor"
                stroke-width="0"
                style="color: white;"
                viewBox="0 0 512 512"
                width="20"
                xmlns="http://www.w3.org/2000/svg"
              >
                <path
                  d="M504 256C504 119 393 8 256 8S8 119 8 256c0 123.78 90.69 226.38 209.25 245V327.69h-63V256h63v-54.64c0-62.15 37-96.48 93.67-96.48 27.14 0 55.52 4.84 55.52 4.84v61h-31.28c-30.8 0-40.41 19.12-40.41 38.73V256h68.78l-11 71.69h-57.78V501C413.31 482.38 504 379.78 504 256z"
                />
              </svg>
            </a>
            <a
              href="https://twitter.com/andersenwindows"
              rel="noreferrer"
              target="_blank"
            >
              <svg
                color="white"
                fill="currentColor"
                height="20"
                stroke="currentColor"
                stroke-width="0"
                style="color: white;"
                viewBox="0 0 512 512"
                width="20"
                xmlns="http://www.w3.org/2000/svg"
              >
                <path
                  d="M459.37 151.716c.325 4.548.325 9.097.325 13.645 0 138.72-105.583 298.558-298.558 298.558-59.452 0-114.68-17.219-161.137-47.106 8.447.974 16.568 1.299 25.34 1.299 49.055 0 94.213-16.568 130.274-44.832-46.132-.975-84.792-31.188-98.112-72.772 6.498.974 12.995 1.624 19.818 1.624 9.421 0 18.843-1.3 27.614-3.573-48.081-9.747-84.143-51.98-84.143-102.985v-1.299c13.969 7.797 30.214 12.67 47.431 13.319-28.264-18.843-46.781-51.005-46.781-87.391 0-19.492 5.197-37.36 14.294-52.954 51.655 63.675 129.3 105.258 216.365 109.807-1.624-7.797-2.599-15.918-2.599-24.04 0-57.828 46.782-104.934 104.934-104.934 30.213 0 57.502 12.67 76.67 33.137 23.715-4.548 46.456-13.32 66.599-25.34-7.798 24.366-24.366 44.833-46.132 57.827 21.117-2.273 41.584-8.122 60.426-16.243-14.292 20.791-32.161 39.308-52.628 54.253z"
                />
              </svg>
            </a>
            <a
              href="https://twitter.com/andersenwindows"
              rel="noreferrer"
              target="_blank"
            >
              <svg
                color="white"
                fill="currentColor"
                height="20"
                stroke="currentColor"
                stroke-width="0"
                style="color: white;"
                viewBox="0 0 496 512"
                width="20"
                xmlns="http://www.w3.org/2000/svg"
              >
                <path
                  d="M496 256c0 137-111 248-248 248-25.6 0-50.2-3.9-73.4-11.1 10.1-16.5 25.2-43.5 30.8-65 3-11.6 15.4-59 15.4-59 8.1 15.4 31.7 28.5 56.8 28.5 74.8 0 128.7-68.8 128.7-154.3 0-81.9-66.9-143.2-152.9-143.2-107 0-163.9 71.8-163.9 150.1 0 36.4 19.4 81.7 50.3 96.1 4.7 2.2 7.2 1.2 8.3-3.3.8-3.4 5-20.3 6.9-28.1.6-2.5.3-4.7-1.7-7.1-10.1-12.5-18.3-35.3-18.3-56.6 0-54.7 41.4-107.6 112-107.6 60.9 0 103.6 41.5 103.6 100.9 0 67.1-33.9 113.6-78 113.6-24.3 0-42.6-20.1-36.7-44.8 7-29.5 20.5-61.3 20.5-82.6 0-19-10.2-34.9-31.4-34.9-24.9 0-44.9 25.7-44.9 60.2 0 22 7.4 36.8 7.4 36.8s-24.5 103.8-29 123.2c-5 21.4-3 51.6-.9 71.2C65.4 450.9 0 361.1 0 256 0 119 111 8 248 8s248 111 248 248z"
                />
              </svg>
            </a>
            <a
              href="https://www.Huzz.com/"
              rel="noreferrer"
              target="_blank"
            >
              <svg
                color="white"
                fill="currentColor"
                height="20"
                stroke="currentColor"
                stroke-width="0"
                style="color: white;"
                viewBox="0 0 448 512"
                width="20"
                xmlns="http://www.w3.org/2000/svg"
              >
                <path
                  d="M275.9 330.7H171.3V480H17V32h109.5v104.5l305.1 85.6V480H275.9z"
                />
              </svg>
            </a>
            <a
              href="https://www.youtube.com/"
              rel="noreferrer"
              target="_blank"
            >
              <svg
                color="white"
                fill="currentColor"
                height="20"
                stroke="currentColor"
                stroke-width="0"
                style="color: white;"
                viewBox="0 0 576 512"
                width="20"
                xmlns="http://www.w3.org/2000/svg"
              >
                <path
                  d="M549.655 124.083c-6.281-23.65-24.787-42.276-48.284-48.597C458.781 64 288 64 288 64S117.22 64 74.629 75.486c-23.497 6.322-42.003 24.947-48.284 48.597-11.412 42.867-11.412 132.305-11.412 132.305s0 89.438 11.412 132.305c6.281 23.65 24.787 41.5 48.284 47.821C117.22 448 288 448 288 448s170.78 0 213.371-11.486c23.497-6.321 42.003-24.171 48.284-47.821 11.412-42.867 11.412-132.305 11.412-132.305s0-89.438-11.412-132.305zm-317.51 213.508V175.185l142.739 81.205-142.739 81.201z"
                />
              </svg>
            </a>
          </div>
        </div>
      </div>
      <div
        class="lg:space-x-[80px] ml:space-x-[50px] space-y-[12px] ml:space-y-0 flex flex-col ml:flex-row font-semibold"
      >
        <a
          aria-label="All Post-1"
          class=""
          data-gtm-click=""
          data-gtm-dl-event="cta_click"
          href="/components/"
          role="link"
          tabindex="0"
          title=""
        >
          
          <span
            class="text-[18px] font-sans font-bold text-white text-white"
          >
            All Post-1
          </span>
        </a>
        <a
          aria-label="Company News"
          class=""
          data-gtm-click=""
          data-gtm-dl-event="cta_click"
          href="/components/"
          role="link"
          tabindex="0"
          title=""
        >
          
          <span
            class="text-[18px] font-sans font-bold text-white text-white"
          >
            Company News
          </span>
        </a>
        <a
          aria-label="Comunicate"
          class=""
          data-gtm-click=""
          data-gtm-dl-event="cta_click"
          href="/components/"
          role="link"
          tabindex="0"
          title=""
        >
          
          <span
            class="text-[18px] font-sans font-bold text-white text-white"
          >
            Comunicate
          </span>
        </a>
        <a
          aria-label="Innovation"
          class=""
          data-gtm-click=""
          data-gtm-dl-event="cta_click"
          href="/components/"
          role="link"
          tabindex="0"
          title=""
        >
          
          <span
            class="text-[18px] font-sans font-bold text-white text-white"
          >
            Innovation
          </span>
        </a>
        <a
          aria-label="General Link"
          data-gtm-click=""
          data-gtm-dl-event="cta_click"
          href=""
          role="link"
          tabindex="0"
        >
          
          <span
            class="text-[18px] font-sans font-bold text-white text-white"
          />
        </a>
      </div>
      <div
        class="mt-2 py-5 pb-2 mmd:py-2 ml:mt-0"
      >
        <a
          aria-label="As seen"
          class="flex items-center text-white"
          data-gtm-click=""
          data-gtm-dl-event="cta_click"
          href="/demo-herotwocolumn/"
          role="link"
          tabindex="0"
          title=""
        >
          
          <span
            class="font-sans text-[18px] font-bold"
          >
            As seen
          </span>
          <svg
            fill="none"
            height="16"
            stroke="currentColor"
            stroke-linecap="round"
            stroke-linejoin="round"
            stroke-width="2"
            viewBox="0 0 24 24"
            width="16"
            xmlns="http://www.w3.org/2000/svg"
          >
            <line
              x1="5"
              x2="19"
              y1="12"
              y2="12"
            />
            <polyline
              points="12 5 19 12 12 19"
            />
          </svg>
        </a>
      </div>
      <div
        class="block ml:hidden"
      >
        <div
          class="mt-4 ml:mt-0"
        >
          <div
            class="flex items-center space-x-2"
          >
            <a
              href="https://www.facebook.com/AndersenWindows?utm_source=andersenwindows.com&utm_medium=referral"
              rel="noreferrer"
              target="_blank"
            >
              <svg
                color="white"
                fill="currentColor"
                height="20"
                stroke="currentColor"
                stroke-width="0"
                style="color: white;"
                viewBox="0 0 512 512"
                width="20"
                xmlns="http://www.w3.org/2000/svg"
              >
                <path
                  d="M504 256C504 119 393 8 256 8S8 119 8 256c0 123.78 90.69 226.38 209.25 245V327.69h-63V256h63v-54.64c0-62.15 37-96.48 93.67-96.48 27.14 0 55.52 4.84 55.52 4.84v61h-31.28c-30.8 0-40.41 19.12-40.41 38.73V256h68.78l-11 71.69h-57.78V501C413.31 482.38 504 379.78 504 256z"
                />
              </svg>
            </a>
            <a
              href="https://twitter.com/andersenwindows"
              rel="noreferrer"
              target="_blank"
            >
              <svg
                color="white"
                fill="currentColor"
                height="20"
                stroke="currentColor"
                stroke-width="0"
                style="color: white;"
                viewBox="0 0 512 512"
                width="20"
                xmlns="http://www.w3.org/2000/svg"
              >
                <path
                  d="M459.37 151.716c.325 4.548.325 9.097.325 13.645 0 138.72-105.583 298.558-298.558 298.558-59.452 0-114.68-17.219-161.137-47.106 8.447.974 16.568 1.299 25.34 1.299 49.055 0 94.213-16.568 130.274-44.832-46.132-.975-84.792-31.188-98.112-72.772 6.498.974 12.995 1.624 19.818 1.624 9.421 0 18.843-1.3 27.614-3.573-48.081-9.747-84.143-51.98-84.143-102.985v-1.299c13.969 7.797 30.214 12.67 47.431 13.319-28.264-18.843-46.781-51.005-46.781-87.391 0-19.492 5.197-37.36 14.294-52.954 51.655 63.675 129.3 105.258 216.365 109.807-1.624-7.797-2.599-15.918-2.599-24.04 0-57.828 46.782-104.934 104.934-104.934 30.213 0 57.502 12.67 76.67 33.137 23.715-4.548 46.456-13.32 66.599-25.34-7.798 24.366-24.366 44.833-46.132 57.827 21.117-2.273 41.584-8.122 60.426-16.243-14.292 20.791-32.161 39.308-52.628 54.253z"
                />
              </svg>
            </a>
            <a
              href="https://twitter.com/andersenwindows"
              rel="noreferrer"
              target="_blank"
            >
              <svg
                color="white"
                fill="currentColor"
                height="20"
                stroke="currentColor"
                stroke-width="0"
                style="color: white;"
                viewBox="0 0 496 512"
                width="20"
                xmlns="http://www.w3.org/2000/svg"
              >
                <path
                  d="M496 256c0 137-111 248-248 248-25.6 0-50.2-3.9-73.4-11.1 10.1-16.5 25.2-43.5 30.8-65 3-11.6 15.4-59 15.4-59 8.1 15.4 31.7 28.5 56.8 28.5 74.8 0 128.7-68.8 128.7-154.3 0-81.9-66.9-143.2-152.9-143.2-107 0-163.9 71.8-163.9 150.1 0 36.4 19.4 81.7 50.3 96.1 4.7 2.2 7.2 1.2 8.3-3.3.8-3.4 5-20.3 6.9-28.1.6-2.5.3-4.7-1.7-7.1-10.1-12.5-18.3-35.3-18.3-56.6 0-54.7 41.4-107.6 112-107.6 60.9 0 103.6 41.5 103.6 100.9 0 67.1-33.9 113.6-78 113.6-24.3 0-42.6-20.1-36.7-44.8 7-29.5 20.5-61.3 20.5-82.6 0-19-10.2-34.9-31.4-34.9-24.9 0-44.9 25.7-44.9 60.2 0 22 7.4 36.8 7.4 36.8s-24.5 103.8-29 123.2c-5 21.4-3 51.6-.9 71.2C65.4 450.9 0 361.1 0 256 0 119 111 8 248 8s248 111 248 248z"
                />
              </svg>
            </a>
            <a
              href="https://www.Huzz.com/"
              rel="noreferrer"
              target="_blank"
            >
              <svg
                color="white"
                fill="currentColor"
                height="20"
                stroke="currentColor"
                stroke-width="0"
                style="color: white;"
                viewBox="0 0 448 512"
                width="20"
                xmlns="http://www.w3.org/2000/svg"
              >
                <path
                  d="M275.9 330.7H171.3V480H17V32h109.5v104.5l305.1 85.6V480H275.9z"
                />
              </svg>
            </a>
            <a
              href="https://www.youtube.com/"
              rel="noreferrer"
              target="_blank"
            >
              <svg
                color="white"
                fill="currentColor"
                height="20"
                stroke="currentColor"
                stroke-width="0"
                style="color: white;"
                viewBox="0 0 576 512"
                width="20"
                xmlns="http://www.w3.org/2000/svg"
              >
                <path
                  d="M549.655 124.083c-6.281-23.65-24.787-42.276-48.284-48.597C458.781 64 288 64 288 64S117.22 64 74.629 75.486c-23.497 6.322-42.003 24.947-48.284 48.597-11.412 42.867-11.412 132.305-11.412 132.305s0 89.438 11.412 132.305c6.281 23.65 24.787 41.5 48.284 47.821C117.22 448 288 448 288 448s170.78 0 213.371-11.486c23.497-6.321 42.003-24.171 48.284-47.821 11.412-42.867 11.412-132.305 11.412-132.305s0-89.438-11.412-132.305zm-317.51 213.508V175.185l142.739 81.205-142.739 81.201z"
                />
              </svg>
            </a>
          </div>
        </div>
      </div>
    </div>
  </div>
</div>
`;
