// Jest Snapshot v1, https://goo.gl/fbAQLP

exports[`renders correctly 1`] = `
<section
  data-component="general/favoritedesigns"
  id="id1695242607"
>
  <div
    class="my-8 lg:mx-auto md:max-w-screen-lg theme-white"
  >
    <div
      class="section-grid grid grid-cols-2 md:grid-cols-12 px-m gap-s md:gap-s "
    >
      <div
        class="col-span-12"
      >
        <div
          class="flex justify-between"
        >
          <div
            class="items-top font-sans [&_a:hover]:underline text-theme-text text-sm-m md:text-m font-bold mb-s"
          >
            <h3>
              Favorite Designs
            </h3>
          </div>
        </div>
      </div>
      <div
        class="col-span-12"
      >
        <div>
          <div>
            <div
              class="font-sans text-m font-medium"
            >
              Looks like you have no saved designs.
            </div>
            <div
              class="body-copy"
            >
              <div
                class="mt-[20px]"
              >
                Let's favorite some things.
              </div>
            </div>
          </div>
          <div
            class="mt-m grid grid-cols-1 gap-4 ml:grid-cols-2"
          >
            <div>
              <div
                class="relative hidden md:block aspect-picture   "
              >
                <span
                  style="box-sizing: border-box; display: block; overflow: hidden; background: none; opacity: 1; border: 0px; margin: 0px; padding: 0px; position: relative;"
                >
                  <span
                    style="box-sizing: border-box; display: block; background: none; opacity: 1; border: 0px; margin: 0px; padding: 100% 0px 0px 0px;"
                  />
                  <img
                    alt="591*591"
                    data-nimg="responsive"
                    decoding="async"
                    src="data:image/gif;base64,R0lGODlhAQABAIAAAAAAAP///yH5BAEAAAAALAAAAAABAAEAAAIBRAA7"
                    style="position: absolute; top: 0px; left: 0px; bottom: 0px; right: 0px; box-sizing: border-box; padding: 0px; margin: auto; display: block; width: 0px; height: 0px; min-width: 100%; max-width: 100%; min-height: 100%; max-height: 100%;"
                  />
                  <noscript />
                </span>
              </div>
              <div
                class="relative block w-full md:hidden"
              >
                <span
                  style="box-sizing: border-box; display: block; overflow: hidden; background: none; opacity: 1; border: 0px; margin: 0px; padding: 0px; position: relative;"
                >
                  <span
                    style="box-sizing: border-box; display: block; background: none; opacity: 1; border: 0px; margin: 0px; padding: 100% 0px 0px 0px;"
                  />
                  <img
                    alt="Big-Doors-900x900"
                    data-nimg="responsive"
                    decoding="async"
                    src="data:image/gif;base64,R0lGODlhAQABAIAAAAAAAP///yH5BAEAAAAALAAAAAABAAEAAAIBRAA7"
                    style="position: absolute; top: 0px; left: 0px; bottom: 0px; right: 0px; box-sizing: border-box; padding: 0px; margin: auto; display: block; width: 0px; height: 0px; min-width: 100%; max-width: 100%; min-height: 100%; max-height: 100%; object-fit: contain; object-position: center;"
                  />
                  <noscript />
                </span>
              </div>
              <div
                class="mt-s font-sans text-s font-heavy"
              >
                Lorem ipsum windows
              </div>
              <div
                class="font-sans text-xs font-medium"
              >
                Subheading text
              </div>
              <div
                class="mt-m mb-s flex items-start md:flex-row md:items-center"
              >
                <a
                  aria-label="Explore all windows"
                  class="flex w-fit items-center whitespace-normal rounded-lg border-4 border-theme-btn-border bg-theme-btn-bg px-m py-[9px] font-sans text-button font-heavy text-theme-btn-text hover:border-theme-btn-border-hover hover:bg-theme-btn-bg-hover hover:text-theme-btn-text-hover disabled:border-gray disabled:text-gray disabled:hover:bg-theme-btn-bg disabled:cursor-not-allowed"
                  data-gtm-click=""
                  data-gtm-dl-event="cta_click"
                  href="/"
                  role="link"
                  tabindex="0"
                  target=""
                  title=""
                >
                  Explore all windows
                  <span
                    class="ml-xxs"
                  />
                </a>
              </div>
            </div>
            <div>
              <div
                class="relative hidden md:block aspect-picture   "
              >
                <span
                  style="box-sizing: border-box; display: block; overflow: hidden; background: none; opacity: 1; border: 0px; margin: 0px; padding: 0px; position: relative;"
                >
                  <span
                    style="box-sizing: border-box; display: block; background: none; opacity: 1; border: 0px; margin: 0px; padding: 100% 0px 0px 0px;"
                  />
                  <img
                    alt="Window"
                    data-nimg="responsive"
                    decoding="async"
                    src="data:image/gif;base64,R0lGODlhAQABAIAAAAAAAP///yH5BAEAAAAALAAAAAABAAEAAAIBRAA7"
                    style="position: absolute; top: 0px; left: 0px; bottom: 0px; right: 0px; box-sizing: border-box; padding: 0px; margin: auto; display: block; width: 0px; height: 0px; min-width: 100%; max-width: 100%; min-height: 100%; max-height: 100%;"
                  />
                  <noscript />
                </span>
              </div>
              <div
                class="relative block w-full md:hidden"
              >
                <span
                  style="box-sizing: border-box; display: block; overflow: hidden; background: none; opacity: 1; border: 0px; margin: 0px; padding: 0px; position: relative;"
                >
                  <span
                    style="box-sizing: border-box; display: block; background: none; opacity: 1; border: 0px; margin: 0px; padding: 100% 0px 0px 0px;"
                  />
                  <img
                    alt="Window"
                    data-nimg="responsive"
                    decoding="async"
                    src="data:image/gif;base64,R0lGODlhAQABAIAAAAAAAP///yH5BAEAAAAALAAAAAABAAEAAAIBRAA7"
                    style="position: absolute; top: 0px; left: 0px; bottom: 0px; right: 0px; box-sizing: border-box; padding: 0px; margin: auto; display: block; width: 0px; height: 0px; min-width: 100%; max-width: 100%; min-height: 100%; max-height: 100%; object-fit: contain; object-position: center;"
                  />
                  <noscript />
                </span>
              </div>
              <div
                class="mt-s font-sans text-s font-heavy"
              >
                Lorem ipsum doors
              </div>
              <div
                class="font-sans text-xs font-medium"
              >
                Subheading text
              </div>
              <div
                class="mt-m mb-s flex items-start md:flex-row md:items-center"
              >
                <a
                  aria-label="Explore all doors"
                  class="flex w-fit items-center whitespace-normal rounded-lg border-4 border-theme-btn-border bg-theme-btn-bg px-m py-[9px] font-sans text-button font-heavy text-theme-btn-text hover:border-theme-btn-border-hover hover:bg-theme-btn-bg-hover hover:text-theme-btn-text-hover disabled:border-gray disabled:text-gray disabled:hover:bg-theme-btn-bg disabled:cursor-not-allowed"
                  data-gtm-click=""
                  data-gtm-dl-event="cta_click"
                  href="/"
                  role="link"
                  tabindex="0"
                  target=""
                  title=""
                >
                  Explore all doors
                  <span
                    class="ml-xxs"
                  />
                </a>
              </div>
            </div>
          </div>
        </div>
        <div
          class="loader flex min-h-[40vh] w-full items-center justify-center"
        >
          <span
            style="box-sizing: border-box; display: inline-block; overflow: hidden; width: 48px; height: 48px; background: none; opacity: 1; border: 0px; margin: 0px; padding: 0px; position: relative;"
          >
            <img
              alt="loading spinner"
              class="animate-spin"
              data-nimg="fixed"
              decoding="async"
              src="data:image/gif;base64,R0lGODlhAQABAIAAAAAAAP///yH5BAEAAAAALAAAAAABAAEAAAIBRAA7"
              style="position: absolute; top: 0px; left: 0px; bottom: 0px; right: 0px; box-sizing: border-box; padding: 0px; margin: auto; display: block; width: 0px; height: 0px; min-width: 100%; max-width: 100%; min-height: 100%; max-height: 100%;"
            />
            <noscript />
          </span>
        </div>
      </div>
    </div>
  </div>
</section>
`;
