// Jest Snapshot v1, https://goo.gl/fbAQLP

exports[`renders correctly 1`] = `
<section
  data-component="general/curatedimagedisplay"
  id="id1647234774"
>
  <div
    class="my-8 lg:mx-auto md:max-w-screen-lg theme-white"
  >
    <div
      class="section-grid grid grid-cols-2 md:grid-cols-12 px-m gap-s md:gap-s "
    >
      <div
        class="col-span-12"
      >
        <div
          class="items-top font-sans [&_a:hover]:underline text-theme-text text-s md:text-m font-heavy mb-s"
        >
          <h2>
            Headline text goes here
          </h2>
        </div>
        <div
          class="text-theme-body text-body mb-s font-regular"
        >
          <div
            class="body-copy"
          >
            <div>
              Lorem ipsum dolor sit amet, consectetur adipiscing elit, sed do eiusmod tempor incididunt ut labore et dolore magna aliqua. Ut enim ad minim veniam, quis nostrud exercitation ullamco laboris nisi ut aliquip ex ea commodo consequat. Duis aute irure dolor in reprehenderit in voluptate velit esse cillum dolore eu fugiat nulla pariatur. Excepteur sint occaecat cupidatat non proident, sunt in culpa qui officia deserunt mollit anim id est laborum.
            </div>
          </div>
        </div>
        <div
          class="mb-s flex items-start md:flex-row md:items-center"
        >
          <a
            aria-label="Call to Action (Opens in a new tab)"
            class="flex w-fit items-center whitespace-normal rounded-lg border-4 border-theme-btn-border bg-theme-btn-bg px-m py-[9px] font-sans text-button font-heavy text-theme-btn-text hover:border-theme-btn-border-hover hover:bg-theme-btn-bg-hover hover:text-theme-btn-text-hover disabled:border-gray disabled:text-gray disabled:hover:bg-theme-btn-bg disabled:cursor-not-allowed"
            data-gtm-click=""
            data-gtm-dl-event="cta_click"
            href="/"
            rel="noopener noreferrer"
            role="link"
            tabindex="0"
            target="_blank"
            title=""
          >
            Call to Action
            <span
              class="ml-xxs"
            />
            <span
              class="sr-only"
            >
               (Opens in a new tab)
            </span>
          </a>
        </div>
        <ul
          class="grid grid-cols-2 gap-y-m md:grid-cols-12 md:gap-s"
        >
          <li
            class="group relative col-span-12 cursor-pointer md:col-span-4 lg:col-span-3"
            tabindex="0"
          >
            <div
              class="relative hidden md:block aspect-square   "
            >
              <span
                style="box-sizing: border-box; display: block; overflow: hidden; background: none; opacity: 1; border: 0px; margin: 0px; padding: 0px; position: relative;"
              >
                <span
                  style="box-sizing: border-box; display: block; background: none; opacity: 1; border: 0px; margin: 0px; padding: 100% 0px 0px 0px;"
                />
                <img
                  alt=""
                  data-nimg="responsive"
                  decoding="async"
                  src="data:image/gif;base64,R0lGODlhAQABAIAAAAAAAP///yH5BAEAAAAALAAAAAABAAEAAAIBRAA7"
                  style="position: absolute; top: 0px; left: 0px; bottom: 0px; right: 0px; box-sizing: border-box; padding: 0px; margin: auto; display: block; width: 0px; height: 0px; min-width: 100%; max-width: 100%; min-height: 100%; max-height: 100%;"
                />
                <noscript />
              </span>
            </div>
            <div
              class="relative block w-full md:hidden"
            >
              <span
                style="box-sizing: border-box; display: block; overflow: hidden; background: none; opacity: 1; border: 0px; margin: 0px; padding: 0px; position: relative;"
              >
                <span
                  style="box-sizing: border-box; display: block; background: none; opacity: 1; border: 0px; margin: 0px; padding: 100% 0px 0px 0px;"
                />
                <img
                  alt=""
                  data-nimg="responsive"
                  decoding="async"
                  src="data:image/gif;base64,R0lGODlhAQABAIAAAAAAAP///yH5BAEAAAAALAAAAAABAAEAAAIBRAA7"
                  style="position: absolute; top: 0px; left: 0px; bottom: 0px; right: 0px; box-sizing: border-box; padding: 0px; margin: auto; display: block; width: 0px; height: 0px; min-width: 100%; max-width: 100%; min-height: 100%; max-height: 100%; object-fit: contain; object-position: center;"
                />
                <noscript />
              </span>
            </div>
            <span
              class="-translate-t-3/4 absolute top-1/2 left-1/2 -translate-x-1/2 rounded-full bg-black bg-opacity-[.65] p-l text-white opacity-0 transition-all ease-linear group-hover:-translate-y-1/2 group-hover:opacity-100"
            />
          </li>
          <li
            class="group relative col-span-12 cursor-pointer md:col-span-4 lg:col-span-3"
            tabindex="0"
          >
            <div
              class="relative hidden md:block aspect-square   "
            >
              <span
                style="box-sizing: border-box; display: block; overflow: hidden; background: none; opacity: 1; border: 0px; margin: 0px; padding: 0px; position: relative;"
              >
                <span
                  style="box-sizing: border-box; display: block; background: none; opacity: 1; border: 0px; margin: 0px; padding: 100% 0px 0px 0px;"
                />
                <img
                  alt=""
                  data-nimg="responsive"
                  decoding="async"
                  src="data:image/gif;base64,R0lGODlhAQABAIAAAAAAAP///yH5BAEAAAAALAAAAAABAAEAAAIBRAA7"
                  style="position: absolute; top: 0px; left: 0px; bottom: 0px; right: 0px; box-sizing: border-box; padding: 0px; margin: auto; display: block; width: 0px; height: 0px; min-width: 100%; max-width: 100%; min-height: 100%; max-height: 100%;"
                />
                <noscript />
              </span>
            </div>
            <div
              class="relative block w-full md:hidden"
            >
              <span
                style="box-sizing: border-box; display: block; overflow: hidden; background: none; opacity: 1; border: 0px; margin: 0px; padding: 0px; position: relative;"
              >
                <span
                  style="box-sizing: border-box; display: block; background: none; opacity: 1; border: 0px; margin: 0px; padding: 100% 0px 0px 0px;"
                />
                <img
                  alt=""
                  data-nimg="responsive"
                  decoding="async"
                  src="data:image/gif;base64,R0lGODlhAQABAIAAAAAAAP///yH5BAEAAAAALAAAAAABAAEAAAIBRAA7"
                  style="position: absolute; top: 0px; left: 0px; bottom: 0px; right: 0px; box-sizing: border-box; padding: 0px; margin: auto; display: block; width: 0px; height: 0px; min-width: 100%; max-width: 100%; min-height: 100%; max-height: 100%; object-fit: contain; object-position: center;"
                />
                <noscript />
              </span>
            </div>
            <span
              class="-translate-t-3/4 absolute top-1/2 left-1/2 -translate-x-1/2 rounded-full bg-black bg-opacity-[.65] p-l text-white opacity-0 transition-all ease-linear group-hover:-translate-y-1/2 group-hover:opacity-100"
            />
          </li>
          <li
            class="group relative col-span-12 cursor-pointer md:col-span-4 lg:col-span-3"
            tabindex="0"
          >
            <div
              class="relative hidden md:block aspect-square   "
            >
              <span
                style="box-sizing: border-box; display: block; overflow: hidden; background: none; opacity: 1; border: 0px; margin: 0px; padding: 0px; position: relative;"
              >
                <span
                  style="box-sizing: border-box; display: block; background: none; opacity: 1; border: 0px; margin: 0px; padding: 100% 0px 0px 0px;"
                />
                <img
                  alt=""
                  data-nimg="responsive"
                  decoding="async"
                  src="data:image/gif;base64,R0lGODlhAQABAIAAAAAAAP///yH5BAEAAAAALAAAAAABAAEAAAIBRAA7"
                  style="position: absolute; top: 0px; left: 0px; bottom: 0px; right: 0px; box-sizing: border-box; padding: 0px; margin: auto; display: block; width: 0px; height: 0px; min-width: 100%; max-width: 100%; min-height: 100%; max-height: 100%;"
                />
                <noscript />
              </span>
            </div>
            <div
              class="relative block w-full md:hidden"
            >
              <span
                style="box-sizing: border-box; display: block; overflow: hidden; background: none; opacity: 1; border: 0px; margin: 0px; padding: 0px; position: relative;"
              >
                <span
                  style="box-sizing: border-box; display: block; background: none; opacity: 1; border: 0px; margin: 0px; padding: 100% 0px 0px 0px;"
                />
                <img
                  alt=""
                  data-nimg="responsive"
                  decoding="async"
                  src="data:image/gif;base64,R0lGODlhAQABAIAAAAAAAP///yH5BAEAAAAALAAAAAABAAEAAAIBRAA7"
                  style="position: absolute; top: 0px; left: 0px; bottom: 0px; right: 0px; box-sizing: border-box; padding: 0px; margin: auto; display: block; width: 0px; height: 0px; min-width: 100%; max-width: 100%; min-height: 100%; max-height: 100%; object-fit: contain; object-position: center;"
                />
                <noscript />
              </span>
            </div>
            <span
              class="-translate-t-3/4 absolute top-1/2 left-1/2 -translate-x-1/2 rounded-full bg-black bg-opacity-[.65] p-l text-white opacity-0 transition-all ease-linear group-hover:-translate-y-1/2 group-hover:opacity-100"
            />
          </li>
          <li
            class="group relative col-span-12 cursor-pointer md:col-span-4 lg:col-span-3"
            tabindex="0"
          >
            <div
              class="relative hidden md:block aspect-square   "
            >
              <span
                style="box-sizing: border-box; display: block; overflow: hidden; background: none; opacity: 1; border: 0px; margin: 0px; padding: 0px; position: relative;"
              >
                <span
                  style="box-sizing: border-box; display: block; background: none; opacity: 1; border: 0px; margin: 0px; padding: 100% 0px 0px 0px;"
                />
                <img
                  alt=""
                  data-nimg="responsive"
                  decoding="async"
                  src="data:image/gif;base64,R0lGODlhAQABAIAAAAAAAP///yH5BAEAAAAALAAAAAABAAEAAAIBRAA7"
                  style="position: absolute; top: 0px; left: 0px; bottom: 0px; right: 0px; box-sizing: border-box; padding: 0px; margin: auto; display: block; width: 0px; height: 0px; min-width: 100%; max-width: 100%; min-height: 100%; max-height: 100%;"
                />
                <noscript />
              </span>
            </div>
            <div
              class="relative block w-full md:hidden"
            >
              <span
                style="box-sizing: border-box; display: block; overflow: hidden; background: none; opacity: 1; border: 0px; margin: 0px; padding: 0px; position: relative;"
              >
                <span
                  style="box-sizing: border-box; display: block; background: none; opacity: 1; border: 0px; margin: 0px; padding: 100% 0px 0px 0px;"
                />
                <img
                  alt=""
                  data-nimg="responsive"
                  decoding="async"
                  src="data:image/gif;base64,R0lGODlhAQABAIAAAAAAAP///yH5BAEAAAAALAAAAAABAAEAAAIBRAA7"
                  style="position: absolute; top: 0px; left: 0px; bottom: 0px; right: 0px; box-sizing: border-box; padding: 0px; margin: auto; display: block; width: 0px; height: 0px; min-width: 100%; max-width: 100%; min-height: 100%; max-height: 100%; object-fit: contain; object-position: center;"
                />
                <noscript />
              </span>
            </div>
            <span
              class="-translate-t-3/4 absolute top-1/2 left-1/2 -translate-x-1/2 rounded-full bg-black bg-opacity-[.65] p-l text-white opacity-0 transition-all ease-linear group-hover:-translate-y-1/2 group-hover:opacity-100"
            />
          </li>
          <li
            class="group relative col-span-12 cursor-pointer md:col-span-4 lg:col-span-3"
            tabindex="0"
          >
            <div
              class="relative hidden md:block aspect-square   "
            >
              <span
                style="box-sizing: border-box; display: block; overflow: hidden; background: none; opacity: 1; border: 0px; margin: 0px; padding: 0px; position: relative;"
              >
                <span
                  style="box-sizing: border-box; display: block; background: none; opacity: 1; border: 0px; margin: 0px; padding: 100% 0px 0px 0px;"
                />
                <img
                  alt=""
                  data-nimg="responsive"
                  decoding="async"
                  src="data:image/gif;base64,R0lGODlhAQABAIAAAAAAAP///yH5BAEAAAAALAAAAAABAAEAAAIBRAA7"
                  style="position: absolute; top: 0px; left: 0px; bottom: 0px; right: 0px; box-sizing: border-box; padding: 0px; margin: auto; display: block; width: 0px; height: 0px; min-width: 100%; max-width: 100%; min-height: 100%; max-height: 100%;"
                />
                <noscript />
              </span>
            </div>
            <div
              class="relative block w-full md:hidden"
            >
              <span
                style="box-sizing: border-box; display: block; overflow: hidden; background: none; opacity: 1; border: 0px; margin: 0px; padding: 0px; position: relative;"
              >
                <span
                  style="box-sizing: border-box; display: block; background: none; opacity: 1; border: 0px; margin: 0px; padding: 100% 0px 0px 0px;"
                />
                <img
                  alt=""
                  data-nimg="responsive"
                  decoding="async"
                  src="data:image/gif;base64,R0lGODlhAQABAIAAAAAAAP///yH5BAEAAAAALAAAAAABAAEAAAIBRAA7"
                  style="position: absolute; top: 0px; left: 0px; bottom: 0px; right: 0px; box-sizing: border-box; padding: 0px; margin: auto; display: block; width: 0px; height: 0px; min-width: 100%; max-width: 100%; min-height: 100%; max-height: 100%; object-fit: contain; object-position: center;"
                />
                <noscript />
              </span>
            </div>
            <span
              class="-translate-t-3/4 absolute top-1/2 left-1/2 -translate-x-1/2 rounded-full bg-black bg-opacity-[.65] p-l text-white opacity-0 transition-all ease-linear group-hover:-translate-y-1/2 group-hover:opacity-100"
            />
          </li>
          <li
            class="group relative col-span-12 cursor-pointer md:col-span-4 lg:col-span-3"
            tabindex="0"
          >
            <div
              class="relative hidden md:block aspect-square   "
            >
              <span
                style="box-sizing: border-box; display: block; overflow: hidden; background: none; opacity: 1; border: 0px; margin: 0px; padding: 0px; position: relative;"
              >
                <span
                  style="box-sizing: border-box; display: block; background: none; opacity: 1; border: 0px; margin: 0px; padding: 100% 0px 0px 0px;"
                />
                <img
                  alt=""
                  data-nimg="responsive"
                  decoding="async"
                  src="data:image/gif;base64,R0lGODlhAQABAIAAAAAAAP///yH5BAEAAAAALAAAAAABAAEAAAIBRAA7"
                  style="position: absolute; top: 0px; left: 0px; bottom: 0px; right: 0px; box-sizing: border-box; padding: 0px; margin: auto; display: block; width: 0px; height: 0px; min-width: 100%; max-width: 100%; min-height: 100%; max-height: 100%;"
                />
                <noscript />
              </span>
            </div>
            <div
              class="relative block w-full md:hidden"
            >
              <span
                style="box-sizing: border-box; display: block; overflow: hidden; background: none; opacity: 1; border: 0px; margin: 0px; padding: 0px; position: relative;"
              >
                <span
                  style="box-sizing: border-box; display: block; background: none; opacity: 1; border: 0px; margin: 0px; padding: 100% 0px 0px 0px;"
                />
                <img
                  alt=""
                  data-nimg="responsive"
                  decoding="async"
                  src="data:image/gif;base64,R0lGODlhAQABAIAAAAAAAP///yH5BAEAAAAALAAAAAABAAEAAAIBRAA7"
                  style="position: absolute; top: 0px; left: 0px; bottom: 0px; right: 0px; box-sizing: border-box; padding: 0px; margin: auto; display: block; width: 0px; height: 0px; min-width: 100%; max-width: 100%; min-height: 100%; max-height: 100%; object-fit: contain; object-position: center;"
                />
                <noscript />
              </span>
            </div>
            <span
              class="-translate-t-3/4 absolute top-1/2 left-1/2 -translate-x-1/2 rounded-full bg-black bg-opacity-[.65] p-l text-white opacity-0 transition-all ease-linear group-hover:-translate-y-1/2 group-hover:opacity-100"
            />
          </li>
          <li
            class="group relative col-span-12 cursor-pointer md:col-span-4 lg:col-span-3"
            tabindex="0"
          >
            <div
              class="relative hidden md:block aspect-square   "
            >
              <span
                style="box-sizing: border-box; display: block; overflow: hidden; background: none; opacity: 1; border: 0px; margin: 0px; padding: 0px; position: relative;"
              >
                <span
                  style="box-sizing: border-box; display: block; background: none; opacity: 1; border: 0px; margin: 0px; padding: 100% 0px 0px 0px;"
                />
                <img
                  alt=""
                  data-nimg="responsive"
                  decoding="async"
                  src="data:image/gif;base64,R0lGODlhAQABAIAAAAAAAP///yH5BAEAAAAALAAAAAABAAEAAAIBRAA7"
                  style="position: absolute; top: 0px; left: 0px; bottom: 0px; right: 0px; box-sizing: border-box; padding: 0px; margin: auto; display: block; width: 0px; height: 0px; min-width: 100%; max-width: 100%; min-height: 100%; max-height: 100%;"
                />
                <noscript />
              </span>
            </div>
            <div
              class="relative block w-full md:hidden"
            >
              <span
                style="box-sizing: border-box; display: block; overflow: hidden; background: none; opacity: 1; border: 0px; margin: 0px; padding: 0px; position: relative;"
              >
                <span
                  style="box-sizing: border-box; display: block; background: none; opacity: 1; border: 0px; margin: 0px; padding: 100% 0px 0px 0px;"
                />
                <img
                  alt=""
                  data-nimg="responsive"
                  decoding="async"
                  src="data:image/gif;base64,R0lGODlhAQABAIAAAAAAAP///yH5BAEAAAAALAAAAAABAAEAAAIBRAA7"
                  style="position: absolute; top: 0px; left: 0px; bottom: 0px; right: 0px; box-sizing: border-box; padding: 0px; margin: auto; display: block; width: 0px; height: 0px; min-width: 100%; max-width: 100%; min-height: 100%; max-height: 100%; object-fit: contain; object-position: center;"
                />
                <noscript />
              </span>
            </div>
            <span
              class="-translate-t-3/4 absolute top-1/2 left-1/2 -translate-x-1/2 rounded-full bg-black bg-opacity-[.65] p-l text-white opacity-0 transition-all ease-linear group-hover:-translate-y-1/2 group-hover:opacity-100"
            />
          </li>
          <li
            class="group relative col-span-12 cursor-pointer md:col-span-4 lg:col-span-3"
            tabindex="0"
          >
            <div
              class="relative hidden md:block aspect-square   "
            >
              <span
                style="box-sizing: border-box; display: block; overflow: hidden; background: none; opacity: 1; border: 0px; margin: 0px; padding: 0px; position: relative;"
              >
                <span
                  style="box-sizing: border-box; display: block; background: none; opacity: 1; border: 0px; margin: 0px; padding: 100% 0px 0px 0px;"
                />
                <img
                  alt=""
                  data-nimg="responsive"
                  decoding="async"
                  src="data:image/gif;base64,R0lGODlhAQABAIAAAAAAAP///yH5BAEAAAAALAAAAAABAAEAAAIBRAA7"
                  style="position: absolute; top: 0px; left: 0px; bottom: 0px; right: 0px; box-sizing: border-box; padding: 0px; margin: auto; display: block; width: 0px; height: 0px; min-width: 100%; max-width: 100%; min-height: 100%; max-height: 100%;"
                />
                <noscript />
              </span>
            </div>
            <div
              class="relative block w-full md:hidden"
            >
              <span
                style="box-sizing: border-box; display: block; overflow: hidden; background: none; opacity: 1; border: 0px; margin: 0px; padding: 0px; position: relative;"
              >
                <span
                  style="box-sizing: border-box; display: block; background: none; opacity: 1; border: 0px; margin: 0px; padding: 100% 0px 0px 0px;"
                />
                <img
                  alt=""
                  data-nimg="responsive"
                  decoding="async"
                  src="data:image/gif;base64,R0lGODlhAQABAIAAAAAAAP///yH5BAEAAAAALAAAAAABAAEAAAIBRAA7"
                  style="position: absolute; top: 0px; left: 0px; bottom: 0px; right: 0px; box-sizing: border-box; padding: 0px; margin: auto; display: block; width: 0px; height: 0px; min-width: 100%; max-width: 100%; min-height: 100%; max-height: 100%; object-fit: contain; object-position: center;"
                />
                <noscript />
              </span>
            </div>
            <span
              class="-translate-t-3/4 absolute top-1/2 left-1/2 -translate-x-1/2 rounded-full bg-black bg-opacity-[.65] p-l text-white opacity-0 transition-all ease-linear group-hover:-translate-y-1/2 group-hover:opacity-100"
            />
          </li>
        </ul>
      </div>
    </div>
  </div>
</section>
`;
