// Jest Snapshot v1, https://goo.gl/fbAQLP

exports[`renders correctly 1`] = `
<div
  class="relative h-full w-full"
  data-component="hero/herowithformfill"
  fields="[object Object]"
  rendering="[object Object]"
>
  <div
    class=""
  />
  <div
    class=""
    style="background-image: url(https://edge.sitecorecloud.io/andersencorporation-m9n8s20s/media/Project/AndersenCorporation/RenewalByAndersen/RenewalByAndersen/Images/Hero-Media-Background/why-andersen-hero-image1400x617.jpg?h=617&iar=0&w=1440&rev=6e4d257fc1e643c882e2795926accb7e); background-size: cover; background-position: center;"
  >
    <div
      class=""
    >
      <div
        class="items-top font-sans [&_a:hover]:underline text-theme-text text-sm-m md:text-m font-bold mb-s"
      >
        <h2>
          This is a headline
        </h2>
      </div>
      <div
        class="body-copy ml:[&>div]:!text-white"
      >
        <div>
          Lorem ipsum dolor sit amet, consectetur adipisicing elit. Delectus earum perspiciatis quibusdam porro voluptatum cum laboriosam laudantium magni modi! Ipsam eos labore voluptatum illum reiciendis amet nisi, dolorem soluta quisquam.
        </div>
      </div>
    </div>
    <div
      class="relative mx-auto hidden md:block aspect-hero   ml:!hidden"
    >
      <span
        style="box-sizing: border-box; display: block; overflow: hidden; background: none; opacity: 1; border: 0px; margin: 0px; padding: 0px; position: absolute; top: 0px; left: 0px; bottom: 0px; right: 0px;"
      >
        <img
          alt="why-andersen-hero-image1400x617"
          data-nimg="fill"
          decoding="async"
          sizes="100vw"
          src="/_next/image/?url=https%3A%2F%2Fedge.sitecorecloud.io%2Fandersencorporation-m9n8s20s%2Fmedia%2FProject%2FAndersenCorporation%2FRenewalByAndersen%2FRenewalByAndersen%2FImages%2FHero-Media-Background%2Fwhy-andersen-hero-image1400x617.jpg%3Fh%3D617%26iar%3D0%26w%3D1440%26rev%3D6e4d257fc1e643c882e2795926accb7e&w=3840&q=75"
          srcset="/_next/image/?url=https%3A%2F%2Fedge.sitecorecloud.io%2Fandersencorporation-m9n8s20s%2Fmedia%2FProject%2FAndersenCorporation%2FRenewalByAndersen%2FRenewalByAndersen%2FImages%2FHero-Media-Background%2Fwhy-andersen-hero-image1400x617.jpg%3Fh%3D617%26iar%3D0%26w%3D1440%26rev%3D6e4d257fc1e643c882e2795926accb7e&w=640&q=75 640w, /_next/image/?url=https%3A%2F%2Fedge.sitecorecloud.io%2Fandersencorporation-m9n8s20s%2Fmedia%2FProject%2FAndersenCorporation%2FRenewalByAndersen%2FRenewalByAndersen%2FImages%2FHero-Media-Background%2Fwhy-andersen-hero-image1400x617.jpg%3Fh%3D617%26iar%3D0%26w%3D1440%26rev%3D6e4d257fc1e643c882e2795926accb7e&w=750&q=75 750w, /_next/image/?url=https%3A%2F%2Fedge.sitecorecloud.io%2Fandersencorporation-m9n8s20s%2Fmedia%2FProject%2FAndersenCorporation%2FRenewalByAndersen%2FRenewalByAndersen%2FImages%2FHero-Media-Background%2Fwhy-andersen-hero-image1400x617.jpg%3Fh%3D617%26iar%3D0%26w%3D1440%26rev%3D6e4d257fc1e643c882e2795926accb7e&w=828&q=75 828w, /_next/image/?url=https%3A%2F%2Fedge.sitecorecloud.io%2Fandersencorporation-m9n8s20s%2Fmedia%2FProject%2FAndersenCorporation%2FRenewalByAndersen%2FRenewalByAndersen%2FImages%2FHero-Media-Background%2Fwhy-andersen-hero-image1400x617.jpg%3Fh%3D617%26iar%3D0%26w%3D1440%26rev%3D6e4d257fc1e643c882e2795926accb7e&w=1080&q=75 1080w, /_next/image/?url=https%3A%2F%2Fedge.sitecorecloud.io%2Fandersencorporation-m9n8s20s%2Fmedia%2FProject%2FAndersenCorporation%2FRenewalByAndersen%2FRenewalByAndersen%2FImages%2FHero-Media-Background%2Fwhy-andersen-hero-image1400x617.jpg%3Fh%3D617%26iar%3D0%26w%3D1440%26rev%3D6e4d257fc1e643c882e2795926accb7e&w=1200&q=75 1200w, /_next/image/?url=https%3A%2F%2Fedge.sitecorecloud.io%2Fandersencorporation-m9n8s20s%2Fmedia%2FProject%2FAndersenCorporation%2FRenewalByAndersen%2FRenewalByAndersen%2FImages%2FHero-Media-Background%2Fwhy-andersen-hero-image1400x617.jpg%3Fh%3D617%26iar%3D0%26w%3D1440%26rev%3D6e4d257fc1e643c882e2795926accb7e&w=1920&q=75 1920w, /_next/image/?url=https%3A%2F%2Fedge.sitecorecloud.io%2Fandersencorporation-m9n8s20s%2Fmedia%2FProject%2FAndersenCorporation%2FRenewalByAndersen%2FRenewalByAndersen%2FImages%2FHero-Media-Background%2Fwhy-andersen-hero-image1400x617.jpg%3Fh%3D617%26iar%3D0%26w%3D1440%26rev%3D6e4d257fc1e643c882e2795926accb7e&w=2048&q=75 2048w, /_next/image/?url=https%3A%2F%2Fedge.sitecorecloud.io%2Fandersencorporation-m9n8s20s%2Fmedia%2FProject%2FAndersenCorporation%2FRenewalByAndersen%2FRenewalByAndersen%2FImages%2FHero-Media-Background%2Fwhy-andersen-hero-image1400x617.jpg%3Fh%3D617%26iar%3D0%26w%3D1440%26rev%3D6e4d257fc1e643c882e2795926accb7e&w=3840&q=75 3840w"
          style="position: absolute; top: 0px; left: 0px; bottom: 0px; right: 0px; box-sizing: border-box; padding: 0px; margin: auto; display: block; width: 0px; height: 0px; min-width: 100%; max-width: 100%; min-height: 100%; max-height: 100%; object-fit: cover;"
        />
      </span>
    </div>
    <div
      class="relative w-full md:hidden !block md:!block min-h-[280px] mt-l ml:!hidden"
    >
      <span
        style="box-sizing: border-box; display: block; overflow: hidden; background: none; opacity: 1; border: 0px; margin: 0px; padding: 0px; position: absolute; top: 0px; left: 0px; bottom: 0px; right: 0px;"
      >
        <img
          alt="why-andersen-hero-image1400x617"
          data-nimg="fill"
          decoding="async"
          sizes="100vw"
          src="/_next/image/?url=https%3A%2F%2Fedge.sitecorecloud.io%2Fandersencorporation-m9n8s20s%2Fmedia%2FProject%2FAndersenCorporation%2FRenewalByAndersen%2FRenewalByAndersen%2FImages%2FHero-Media-Background%2Fwhy-andersen-hero-image1400x617.jpg%3Fh%3D617%26iar%3D0%26w%3D1440%26rev%3D6e4d257fc1e643c882e2795926accb7e&w=3840&q=75"
          srcset="/_next/image/?url=https%3A%2F%2Fedge.sitecorecloud.io%2Fandersencorporation-m9n8s20s%2Fmedia%2FProject%2FAndersenCorporation%2FRenewalByAndersen%2FRenewalByAndersen%2FImages%2FHero-Media-Background%2Fwhy-andersen-hero-image1400x617.jpg%3Fh%3D617%26iar%3D0%26w%3D1440%26rev%3D6e4d257fc1e643c882e2795926accb7e&w=640&q=75 640w, /_next/image/?url=https%3A%2F%2Fedge.sitecorecloud.io%2Fandersencorporation-m9n8s20s%2Fmedia%2FProject%2FAndersenCorporation%2FRenewalByAndersen%2FRenewalByAndersen%2FImages%2FHero-Media-Background%2Fwhy-andersen-hero-image1400x617.jpg%3Fh%3D617%26iar%3D0%26w%3D1440%26rev%3D6e4d257fc1e643c882e2795926accb7e&w=750&q=75 750w, /_next/image/?url=https%3A%2F%2Fedge.sitecorecloud.io%2Fandersencorporation-m9n8s20s%2Fmedia%2FProject%2FAndersenCorporation%2FRenewalByAndersen%2FRenewalByAndersen%2FImages%2FHero-Media-Background%2Fwhy-andersen-hero-image1400x617.jpg%3Fh%3D617%26iar%3D0%26w%3D1440%26rev%3D6e4d257fc1e643c882e2795926accb7e&w=828&q=75 828w, /_next/image/?url=https%3A%2F%2Fedge.sitecorecloud.io%2Fandersencorporation-m9n8s20s%2Fmedia%2FProject%2FAndersenCorporation%2FRenewalByAndersen%2FRenewalByAndersen%2FImages%2FHero-Media-Background%2Fwhy-andersen-hero-image1400x617.jpg%3Fh%3D617%26iar%3D0%26w%3D1440%26rev%3D6e4d257fc1e643c882e2795926accb7e&w=1080&q=75 1080w, /_next/image/?url=https%3A%2F%2Fedge.sitecorecloud.io%2Fandersencorporation-m9n8s20s%2Fmedia%2FProject%2FAndersenCorporation%2FRenewalByAndersen%2FRenewalByAndersen%2FImages%2FHero-Media-Background%2Fwhy-andersen-hero-image1400x617.jpg%3Fh%3D617%26iar%3D0%26w%3D1440%26rev%3D6e4d257fc1e643c882e2795926accb7e&w=1200&q=75 1200w, /_next/image/?url=https%3A%2F%2Fedge.sitecorecloud.io%2Fandersencorporation-m9n8s20s%2Fmedia%2FProject%2FAndersenCorporation%2FRenewalByAndersen%2FRenewalByAndersen%2FImages%2FHero-Media-Background%2Fwhy-andersen-hero-image1400x617.jpg%3Fh%3D617%26iar%3D0%26w%3D1440%26rev%3D6e4d257fc1e643c882e2795926accb7e&w=1920&q=75 1920w, /_next/image/?url=https%3A%2F%2Fedge.sitecorecloud.io%2Fandersencorporation-m9n8s20s%2Fmedia%2FProject%2FAndersenCorporation%2FRenewalByAndersen%2FRenewalByAndersen%2FImages%2FHero-Media-Background%2Fwhy-andersen-hero-image1400x617.jpg%3Fh%3D617%26iar%3D0%26w%3D1440%26rev%3D6e4d257fc1e643c882e2795926accb7e&w=2048&q=75 2048w, /_next/image/?url=https%3A%2F%2Fedge.sitecorecloud.io%2Fandersencorporation-m9n8s20s%2Fmedia%2FProject%2FAndersenCorporation%2FRenewalByAndersen%2FRenewalByAndersen%2FImages%2FHero-Media-Background%2Fwhy-andersen-hero-image1400x617.jpg%3Fh%3D617%26iar%3D0%26w%3D1440%26rev%3D6e4d257fc1e643c882e2795926accb7e&w=3840&q=75 3840w"
          style="position: absolute; top: 0px; left: 0px; bottom: 0px; right: 0px; box-sizing: border-box; padding: 0px; margin: auto; display: block; width: 0px; height: 0px; min-width: 100%; max-width: 100%; min-height: 100%; max-height: 100%; object-fit: cover; object-position: center;"
        />
      </span>
    </div>
    <div
      class="z-[1] p-s bg-light-gray"
    >
      <div
        style="background: darkorange; outline: 5px solid orange; padding: 10px; color: white; max-width: 500px;"
      >
        <h2>
          Form
        </h2>
        <p>
          JSS component is missing React implementation. See the developer console for more information.
        </p>
      </div>
    </div>
  </div>
</div>
`;
