// Jest Snapshot v1, https://goo.gl/fbAQLP

exports[`renders correctly 1`] = `
<section
  data-component="affiliate/jobguidedsearch"
  id="id88722135"
>
  <div
    class="my-8 w-full theme-white"
  >
    <div
      class="section-grid grid grid-cols-2 md:grid-cols-12 px-m gap-s md:gap-s "
    >
      <div>
        <div
          class="items-top font-sans [&_a:hover]:underline text-theme-text text-sm-m md:text-m font-bold mb-s"
        >
          <h2>
            Be a part of something big.
          </h2>
        </div>
        <div
          class="text-theme-body text-body mb-s"
        >
          <div
            class="body-copy"
          >
            <div>
              Renewal by Andersen is the full-service replacement window division of Andersen Corporation. North America's largest window and door manufacturer.
            </div>
          </div>
        </div>
        <div
          class="font-sans"
        >
          <h3>
            Show me jobs related to:
          </h3>
        </div>
        <div>
          <div>
            <a
              aria-label="Call Center"
              class="flex w-fit items-center whitespace-normal rounded-lg border-4 border-theme-btn-border bg-theme-btn-bg px-m py-[9px] font-sans text-button font-heavy text-theme-btn-text hover:border-theme-btn-border-hover hover:bg-theme-btn-bg-hover hover:text-theme-btn-text-hover disabled:border-gray disabled:text-gray disabled:hover:bg-theme-btn-bg disabled:cursor-not-allowed"
              data-gtm-click=""
              data-gtm-dl-event="cta_click"
              href="https://www.renewalbyandersen.com/careers/Job-Search#f:jobcategoryname=[Call%20Center]"
              role="link"
              tabindex="0"
              target="_self"
            >
              Call Center
            </a>
          </div>
          <div>
            <a
              aria-label="Installation"
              class="flex w-fit items-center whitespace-normal rounded-lg border-4 border-theme-btn-border bg-theme-btn-bg px-m py-[9px] font-sans text-button font-heavy text-theme-btn-text hover:border-theme-btn-border-hover hover:bg-theme-btn-bg-hover hover:text-theme-btn-text-hover disabled:border-gray disabled:text-gray disabled:hover:bg-theme-btn-bg disabled:cursor-not-allowed"
              data-gtm-click=""
              data-gtm-dl-event="cta_click"
              href="/search/#f:topics=[Product%20Information]"
              role="link"
              tabindex="0"
              target="_self"
            >
              Installation
            </a>
          </div>
          <div>
            <a
              aria-label="Manufacturing"
              class="flex w-fit items-center whitespace-normal rounded-lg border-4 border-theme-btn-border bg-theme-btn-bg px-m py-[9px] font-sans text-button font-heavy text-theme-btn-text hover:border-theme-btn-border-hover hover:bg-theme-btn-bg-hover hover:text-theme-btn-text-hover disabled:border-gray disabled:text-gray disabled:hover:bg-theme-btn-bg disabled:cursor-not-allowed"
              data-gtm-click=""
              data-gtm-dl-event="cta_click"
              href="/search/#f:topics=[Product%20Information]"
              role="link"
              tabindex="0"
              target="_self"
            >
              Manufacturing
            </a>
          </div>
          <div>
            <a
              aria-label="Marketing"
              class="flex w-fit items-center whitespace-normal rounded-lg border-4 border-theme-btn-border bg-theme-btn-bg px-m py-[9px] font-sans text-button font-heavy text-theme-btn-text hover:border-theme-btn-border-hover hover:bg-theme-btn-bg-hover hover:text-theme-btn-text-hover disabled:border-gray disabled:text-gray disabled:hover:bg-theme-btn-bg disabled:cursor-not-allowed"
              data-gtm-click=""
              data-gtm-dl-event="cta_click"
              href="/search/#f:topics=[Product%20Information]"
              role="link"
              tabindex="0"
              target="_self"
            >
              Marketing
            </a>
          </div>
          <div>
            <a
              aria-label="Operations"
              class="flex w-fit items-center whitespace-normal rounded-lg border-4 border-theme-btn-border bg-theme-btn-bg px-m py-[9px] font-sans text-button font-heavy text-theme-btn-text hover:border-theme-btn-border-hover hover:bg-theme-btn-bg-hover hover:text-theme-btn-text-hover disabled:border-gray disabled:text-gray disabled:hover:bg-theme-btn-bg disabled:cursor-not-allowed"
              data-gtm-click=""
              data-gtm-dl-event="cta_click"
              href="/search/#f:topics=[Product%20Information]"
              role="link"
              tabindex="0"
              target="_self"
            >
              Operations
            </a>
          </div>
          <div>
            <a
              aria-label="Sales"
              class="flex w-fit items-center whitespace-normal rounded-lg border-4 border-theme-btn-border bg-theme-btn-bg px-m py-[9px] font-sans text-button font-heavy text-theme-btn-text hover:border-theme-btn-border-hover hover:bg-theme-btn-bg-hover hover:text-theme-btn-text-hover disabled:border-gray disabled:text-gray disabled:hover:bg-theme-btn-bg disabled:cursor-not-allowed"
              data-gtm-click=""
              data-gtm-dl-event="cta_click"
              href="/search/#f:topics=[Product%20Information]"
              role="link"
              tabindex="0"
              target="_self"
            >
              Sales
            </a>
          </div>
          <div>
            <a
              aria-label="Contract"
              class="flex w-fit items-center whitespace-normal rounded-lg border-4 border-theme-btn-border bg-theme-btn-bg px-m py-[9px] font-sans text-button font-heavy text-theme-btn-text hover:border-theme-btn-border-hover hover:bg-theme-btn-bg-hover hover:text-theme-btn-text-hover disabled:border-gray disabled:text-gray disabled:hover:bg-theme-btn-bg disabled:cursor-not-allowed"
              data-gtm-click=""
              data-gtm-dl-event="cta_click"
              href="/search/#f:topics=[Product%20Information]"
              role="link"
              tabindex="0"
              target="_self"
            >
              Contract
            </a>
          </div>
          <div>
            <a
              aria-label="Full Time"
              class="flex w-fit items-center whitespace-normal rounded-lg border-4 border-theme-btn-border bg-theme-btn-bg px-m py-[9px] font-sans text-button font-heavy text-theme-btn-text hover:border-theme-btn-border-hover hover:bg-theme-btn-bg-hover hover:text-theme-btn-text-hover disabled:border-gray disabled:text-gray disabled:hover:bg-theme-btn-bg disabled:cursor-not-allowed"
              data-gtm-click=""
              data-gtm-dl-event="cta_click"
              href="/search/#f:topics=[Product%20Information]"
              role="link"
              tabindex="0"
              target="_self"
            >
              Full Time
            </a>
          </div>
          <div>
            <a
              aria-label="Internship"
              class="flex w-fit items-center whitespace-normal rounded-lg border-4 border-theme-btn-border bg-theme-btn-bg px-m py-[9px] font-sans text-button font-heavy text-theme-btn-text hover:border-theme-btn-border-hover hover:bg-theme-btn-bg-hover hover:text-theme-btn-text-hover disabled:border-gray disabled:text-gray disabled:hover:bg-theme-btn-bg disabled:cursor-not-allowed"
              data-gtm-click=""
              data-gtm-dl-event="cta_click"
              href="/search/#f:topics=[Product%20Information]"
              role="link"
              tabindex="0"
              target="_self"
            >
              Internship
            </a>
          </div>
          <div>
            <a
              aria-label="Part Time"
              class="flex w-fit items-center whitespace-normal rounded-lg border-4 border-theme-btn-border bg-theme-btn-bg px-m py-[9px] font-sans text-button font-heavy text-theme-btn-text hover:border-theme-btn-border-hover hover:bg-theme-btn-bg-hover hover:text-theme-btn-text-hover disabled:border-gray disabled:text-gray disabled:hover:bg-theme-btn-bg disabled:cursor-not-allowed"
              data-gtm-click=""
              data-gtm-dl-event="cta_click"
              href="/search/#f:topics=[Product%20Information]"
              role="link"
              tabindex="0"
              target="_self"
            >
              Part Time
            </a>
          </div>
          <div>
            <a
              aria-label="Remote"
              class="flex w-fit items-center whitespace-normal rounded-lg border-4 border-theme-btn-border bg-theme-btn-bg px-m py-[9px] font-sans text-button font-heavy text-theme-btn-text hover:border-theme-btn-border-hover hover:bg-theme-btn-bg-hover hover:text-theme-btn-text-hover disabled:border-gray disabled:text-gray disabled:hover:bg-theme-btn-bg disabled:cursor-not-allowed"
              data-gtm-click=""
              data-gtm-dl-event="cta_click"
              href="/search/#f:topics=[Product%20Information]"
              role="link"
              tabindex="0"
              target="_self"
            >
              Remote
            </a>
          </div>
        </div>
        <div>
          <div>
            <select>
              <option
                disabled=""
                value=""
              >
                Select
              </option>
              <option
                value="0"
              >
                Call Center
              </option>
              <option
                value="1"
              >
                Installation
              </option>
              <option
                value="2"
              >
                Manufacturing
              </option>
              <option
                value="3"
              >
                Marketing
              </option>
              <option
                value="4"
              >
                Operations
              </option>
              <option
                value="5"
              >
                Sales
              </option>
              <option
                value="6"
              >
                Contract
              </option>
              <option
                value="7"
              >
                Full Time
              </option>
              <option
                value="8"
              >
                Internship
              </option>
              <option
                value="9"
              >
                Part Time
              </option>
              <option
                value="10"
              >
                Remote
              </option>
            </select>
            <span />
          </div>
          <a
            aria-label="Search"
            class="flex w-fit items-center whitespace-normal rounded-lg border-4 border-theme-btn-border bg-theme-btn-bg px-m py-[9px] font-sans text-button font-heavy text-theme-btn-text hover:border-theme-btn-border-hover hover:bg-theme-btn-bg-hover hover:text-theme-btn-text-hover disabled:border-gray disabled:text-gray disabled:hover:bg-theme-btn-bg disabled:cursor-not-allowed flex w-fit items-center whitespace-normal rounded-lg border-4 border-theme-btn-border bg-theme-btn-bg px-m py-[9px] font-sans text-button font-heavy text-theme-btn-text hover:border-theme-btn-border-hover hover:bg-theme-btn-bg-hover hover:text-theme-btn-text-hover disabled:border-gray disabled:text-gray disabled:hover:bg-theme-btn-bg disabled:cursor-not-allowed !bg-gray !text-dark-gray pointer-events-none [&_span]:text-dark-gray !w-full !justify-center mb-l"
            data-gtm-click=""
            data-gtm-dl-event="cta_click"
            href=""
            role="link"
            tabindex="0"
            target="_self"
          >
            Search
            <span
              class="ml-xxs"
            />
          </a>
        </div>
      </div>
    </div>
  </div>
</section>
`;
